// Jest Snapshot v1, https://goo.gl/fbAQLP

exports[`Should Footer component render correctly 1`] = `null`;
