// Jest Snapshot v1, https://goo.gl/fbAQLP

exports[`Should PlaceCardListNearby component render correctly 1`] = `
<div
  className="container"
>
  <section
    className="near-places places"
  >
    <h2
      className="near-places__title"
    >
      Other places in the neighbourhood
    </h2>
    <div
      className="near-places__list places__list"
    >
      <a
        className="near-places__card place-card"
        href="/offer/1"
        onClick={[Function]}
        onMouseLeave={[Function]}
        onMouseOver={[Function]}
      >
        <div
          className="near-places__image-wrapper place-card__image-wrapper"
        >
          <img
            alt="Place image"
            className="place-card__image"
            height="200"
            src="/img/apartment-01.jpg"
            width="260"
          />
        </div>
        <div
          className="place-card__info"
        >
          <div
            className="place-card__price-wrapper"
          >
            <div
              className="place-card__price"
            >
              <b
                className="place-card__price-value"
              >
                €
                100
              </b>
              <span
                className="place-card__price-text"
              >
                / 
                night
              </span>
            </div>
            <button
              className="button place-card__bookmark-button"
              onClick={[Function]}
              type="button"
            >
              <svg
                className="place-card__bookmark-icon"
                height="19"
                width="18"
              >
                <use
                  xlinkHref="#icon-bookmark"
                />
              </svg>
              <span
                className="visually-hidden"
              >
                To bookmarks
              </span>
            </button>
          </div>
          <div
            className="place-card__rating rating"
          >
            <div
              className="place-card__stars rating__stars"
            >
              <span
                style={
                  Object {
                    "width": "80%",
                  }
                }
              />
              <span
                className="visually-hidden"
              >
                Rating
              </span>
            </div>
          </div>
          <h2
            className="place-card__name"
          >
            <span>
              Apartment 1
            </span>
          </h2>
          <p
            className="place-card__type"
          >
            apartment
          </p>
        </div>
      </a>
      <a
        className="near-places__card place-card"
        href="/offer/2"
        onClick={[Function]}
        onMouseLeave={[Function]}
        onMouseOver={[Function]}
      >
        <div
          className="place-card__mark"
        >
          <span>
            Premium
          </span>
        </div>
        <div
          className="near-places__image-wrapper place-card__image-wrapper"
        >
          <img
            alt="Place image"
            className="place-card__image"
            height="200"
            src="/img/apartment-02.jpg"
            width="260"
          />
        </div>
        <div
          className="place-card__info"
        >
          <div
            className="place-card__price-wrapper"
          >
            <div
              className="place-card__price"
            >
              <b
                className="place-card__price-value"
              >
                €
                200
              </b>
              <span
                className="place-card__price-text"
              >
                / 
                night
              </span>
            </div>
            <button
              className="button place-card__bookmark-button"
              onClick={[Function]}
              type="button"
            >
              <svg
                className="place-card__bookmark-icon"
                height="19"
                width="18"
              >
                <use
                  xlinkHref="#icon-bookmark"
                />
              </svg>
              <span
                className="visually-hidden"
              >
                To bookmarks
              </span>
            </button>
          </div>
          <div
            className="place-card__rating rating"
          >
            <div
              className="place-card__stars rating__stars"
            >
              <span
                style={
                  Object {
                    "width": "80%",
                  }
                }
              />
              <span
                className="visually-hidden"
              >
                Rating
              </span>
            </div>
          </div>
          <h2
            className="place-card__name"
          >
            <span>
              Apartment 2
            </span>
          </h2>
          <p
            className="place-card__type"
          >
            apartment
          </p>
        </div>
      </a>
      <a
        className="near-places__card place-card"
        href="/offer/3"
        onClick={[Function]}
        onMouseLeave={[Function]}
        onMouseOver={[Function]}
      >
        <div
          className="place-card__mark"
        >
          <span>
            Premium
          </span>
        </div>
        <div
          className="near-places__image-wrapper place-card__image-wrapper"
        >
          <img
            alt="Place image"
            className="place-card__image"
            height="200"
            src="/img/apartment-01.jpg"
            width="260"
          />
        </div>
        <div
          className="place-card__info"
        >
          <div
            className="place-card__price-wrapper"
          >
            <div
              className="place-card__price"
            >
              <b
                className="place-card__price-value"
              >
                €
                250
              </b>
              <span
                className="place-card__price-text"
              >
                / 
                night
              </span>
            </div>
            <button
              className="button place-card__bookmark-button"
              onClick={[Function]}
              type="button"
            >
              <svg
                className="place-card__bookmark-icon"
                height="19"
                width="18"
              >
                <use
                  xlinkHref="#icon-bookmark"
                />
              </svg>
              <span
                className="visually-hidden"
              >
                To bookmarks
              </span>
            </button>
          </div>
          <div
            className="place-card__rating rating"
          >
            <div
              className="place-card__stars rating__stars"
            >
              <span
                style={
                  Object {
                    "width": "40%",
                  }
                }
              />
              <span
                className="visually-hidden"
              >
                Rating
              </span>
            </div>
          </div>
          <h2
            className="place-card__name"
          >
            <span>
              Apartment 3
            </span>
          </h2>
          <p
            className="place-card__type"
          >
            apartment
          </p>
        </div>
      </a>
    </div>
  </section>
</div>
`;
