// Jest Snapshot v1, https://goo.gl/fbAQLP

exports[`Should Throbber component render correctly 1`] = `
<p
  className="error"
>
  Error
</p>
`;
