// Jest Snapshot v1, https://goo.gl/fbAQLP

exports[`Should Throbber component render correctly 1`] = `
<img
  alt="throbber"
  className="throbber"
  height={100}
  src="/img/throbber.svg"
  width={100}
/>
`;
